Microchip Technology Inc, v1.30 (A)

Tool Name:
  c:\program files (x86)\microchip\xc16\v1.30\bin\bin\..\bin/elf-ld.exe

Command:
  -p24FJ128GA006 \
  -o \
  dist/default/debug/fresh_project_build.X.debug.elf \
  -Lc:/program files (x86)/microchip/xc16/v1.30/bin/bin/.. \
  -Lc:/program files (x86)/microchip/xc16/v1.30/bin/bin/../../lib \
  -Lc:/program files (x86)/microchip/xc16/v1.30/bin/bin/../../support/PIC24E/gld \
  -Lc:/program files (x86)/microchip/xc16/v1.30/bin/bin/../../support/PIC24F/gld \
  -Lc:/program files (x86)/microchip/xc16/v1.30/bin/bin/../../support/PIC24H/gld \
  -Lc:/program files (x86)/microchip/xc16/v1.30/bin/bin/../../support/dsPIC30F/gld \
  -Lc:/program files (x86)/microchip/xc16/v1.30/bin/bin/../../support/dsPIC33E/gld \
  -Lc:/program files (x86)/microchip/xc16/v1.30/bin/bin/../../support/dsPIC33F/gld \
  build/default/debug/mcc_generated_files/uart1.o \
  build/default/debug/mcc_generated_files/traps.o \
  build/default/debug/mcc_generated_files/mcc.o \
  build/default/debug/mcc_generated_files/interrupt_manager.o \
  build/default/debug/mcc_generated_files/pin_manager.o \
  build/default/debug/mcc_generated_files/tmr3.o \
  build/default/debug/mcc_generated_files/oc1.o \
  build/default/debug/main.o \
  build/default/debug/mcc_generated_files/adc1.o \
  -TC:\\Users\\suciu\\AppData\\Local\\Temp\\tmp000013f4.00 \
  -TC:\\Users\\suciu\\AppData\\Local\\Temp\\tmp000013f4.01 \
  -TC:\\Users\\suciu\\AppData\\Local\\Temp\\tmp000013f4.02 \
  -TC:\\Users\\suciu\\AppData\\Local\\Temp\\tmp000013f4.03 \
  -TC:\\Users\\suciu\\AppData\\Local\\Temp\\tmp000013f4.04 \
  --defsym=__MPLAB_BUILD=1 \
  --defsym=__MPLAB_DEBUG=1 \
  --defsym=__DEBUG=1 \
  --defsym=__MPLAB_DEBUGGER_ICD3=1 \
  -Tp24FJ128GA006.gld.05 \
  --stack=16 \
  --check-sections \
  --data-init \
  --pack-data \
  --handles \
  --isr \
  --no-gc-sections \
  --fill-upper=0 \
  --stackguard=16 \
  --no-force-link \
  --smart-io \
  -Map=dist/default/debug/fresh_project_build.X.debug.map \
  --report-mem \
  --memorysummary \
  dist/default/debug/memoryfile.xml \
  -start-group \
  --library=lega-pic30-elf \
  --library=m-elf \
  --library=lega-c-elf \
  -end-group \


Optional library libpPIC24Fxxx.a not found
Archive member included because of file (symbol)

c:/program files (x86)/microchip/xc16/v1.30/bin/bin/../../lib\liblega-pic30-elf.a(crt0_standard.o)
                              (__resetPRI)
c:/program files (x86)/microchip/xc16/v1.30/bin/bin/../../lib\liblega-pic30-elf.a(data_init_standard.o)
                              c:/program files (x86)/microchip/xc16/v1.30/bin/bin/../../lib\liblega-pic30-elf.a(crt0_standard.o) (__data_init_standard)
c:/program files (x86)/microchip/xc16/v1.30/bin/bin/../../lib\liblega-pic30-elf.a(crt_start_mode_normal.Leo)
                              (__crt_start_mode_normal)
c:/program files (x86)/microchip/xc16/v1.30/bin/bin/../../lib\liblega-pic30-elf.a(delay32.Leo)
                              build/default/debug/main.o (___delay32)
c:/program files (x86)/microchip/xc16/v1.30/bin/bin/../../lib\libm-elf.a(addsf3.eo)
                              build/default/debug/main.o (___addsf3)
c:/program files (x86)/microchip/xc16/v1.30/bin/bin/../../lib\libm-elf.a(divsf3.eo)
                              build/default/debug/main.o (___divsf3)
c:/program files (x86)/microchip/xc16/v1.30/bin/bin/../../lib\libm-elf.a(feqltle.eo)
                              build/default/debug/main.o (___ltsf2)
c:/program files (x86)/microchip/xc16/v1.30/bin/bin/../../lib\libm-elf.a(fgtge.eo)
                              build/default/debug/main.o (___gtsf2)
c:/program files (x86)/microchip/xc16/v1.30/bin/bin/../../lib\libm-elf.a(floatunsisf.eo)
                              build/default/debug/main.o (___floatunsisf)
c:/program files (x86)/microchip/xc16/v1.30/bin/bin/../../lib\libm-elf.a(fpack.eo)
                              c:/program files (x86)/microchip/xc16/v1.30/bin/bin/../../lib\libm-elf.a(addsf3.eo) (__fpack)
c:/program files (x86)/microchip/xc16/v1.30/bin/bin/../../lib\libm-elf.a(funpack2.eo)
                              c:/program files (x86)/microchip/xc16/v1.30/bin/bin/../../lib\libm-elf.a(addsf3.eo) (__funpack2)
c:/program files (x86)/microchip/xc16/v1.30/bin/bin/../../lib\libm-elf.a(futil.eo)
                              c:/program files (x86)/microchip/xc16/v1.30/bin/bin/../../lib\libm-elf.a(addsf3.eo) (__fPropagateNaN)
c:/program files (x86)/microchip/xc16/v1.30/bin/bin/../../lib\libm-elf.a(mulsf3.eo)
                              build/default/debug/main.o (___mulsf3)
c:/program files (x86)/microchip/xc16/v1.30/bin/bin/../../lib\libm-elf.a(fcompare.eo)
                              c:/program files (x86)/microchip/xc16/v1.30/bin/bin/../../lib\libm-elf.a(feqltle.eo) (__fcompare)
c:/program files (x86)/microchip/xc16/v1.30/bin/bin/../../lib\libm-elf.a(floatundisf.eo)
                              c:/program files (x86)/microchip/xc16/v1.30/bin/bin/../../lib\libm-elf.a(floatunsisf.eo) (___floatundisf)
c:/program files (x86)/microchip/xc16/v1.30/bin/bin/../../lib\libm-elf.a(funpack.eo)
                              c:/program files (x86)/microchip/xc16/v1.30/bin/bin/../../lib\libm-elf.a(funpack2.eo) (__funpack)


xc16-ld 1.30 (A)

Program Memory  [Origin = 0x200, Length = 0x155fc]

section                    address   length (PC units)   length (bytes) (dec)
-------                    -------   -----------------   --------------------
.text                        0x200               0x3bc           0x59a  (1434)
.text                        0x5bc               0xb46          0x10e9  (4329)
.dinit                      0x1102                0x2e            0x45  (69)
.text                       0x1130                0x24            0x36  (54)
.init.delay32               0x1154                0x1c            0x2a  (42)

                 Total program memory used (bytes):         0x1728  (5928) 4%


Ivt Memory  [Origin = 0x4, Length = 0xfc]

section                    address   length (PC units)   length (bytes) (dec)
-------                    -------   -----------------   --------------------
.ivt._OscillatorFail           0x6                 0x2             0x3  (3)
.ivt._AddressError             0x8                 0x2             0x3  (3)
.ivt._StackError               0xa                 0x2             0x3  (3)
.ivt._MathError                0xc                 0x2             0x3  (3)
.ivt._U1RXInterrupt           0x2a                 0x2             0x3  (3)
.ivt._U1TXInterrupt           0x2c                 0x2             0x3  (3)
.ivt._U1ErrInterrupt          0x96                 0x2             0x3  (3)


Data Memory  [Origin = 0x800, Length = 0x2000]

section                    address      alignment gaps    total length  (dec)
-------                    -------      --------------    -------------------
reserve_data_0x800           0x800                0x20            0x20  (32)
reserve_data_0x820           0x820                 0x2             0x2  (2)
reserve_data_0x822           0x822                 0x2             0x2  (2)
reserve_data_0x824           0x824                 0x2             0x2  (2)
reserve_data_0x826           0x826                0x2a            0x2a  (42)
.nbss                        0x850                   0             0x2  (2)
.ndata                       0x852                   0             0x2  (2)
.nbss                        0x854                   0             0x4  (4)
.bss                         0x858                   0            0x38  (56)

                 Total data memory used (bytes):           0x90  (144) 1%


Dynamic Memory Usage

region                     address                      maximum length  (dec)
------                     -------                      ---------------------
heap                             0                                   0  (0)
stack                        0x890                              0x1f70  (8048)

                 Maximum dynamic memory (bytes):         0x1f70  (8048)


External Symbols in Data Memory (by address):

                    0x0850                  _flag

External Symbols in Data Memory (by name):

                    0x0850                  _flag

External Symbols in Program Memory (by address):

                  0x000200                  __resetPRI
                  0x00023c                  __psv_init
                  0x000252                  __data_init_standard
                  0x000252                  __data_init
                  0x0002c8                  __DefaultInterrupt
                  0x0002ce                  ___subsf3
                  0x0002d0                  ___addsf3
                  0x00038a                  ___divsf3
                  0x00040e                  ___lesf2
                  0x00040e                  ___ltsf2
                  0x00040e                  ___eqsf2
                  0x000412                  ___gesf2
                  0x000412                  ___gtsf2
                  0x000416                  ___floatunsisf
                  0x00041a                  __fpack
                  0x000466                  __funpack2
                  0x000476                  __fPropagateNaN
                  0x000488                  __fbopExit
                  0x000490                  __fbopReturnNaN
                  0x000496                  ___mulsf3
                  0x0004fe                  __fcompare
                  0x000534                  ___floatundisf
                  0x000592                  __funpack
                  0x0005bc                  _main
                  0x0008ca                  _distance_to_pressure
                  0x000938                  _get_sample
                  0x000992                  _pressure_to_voltage
                  0x0009c2                  _adc_testing
                  0x000a00                  _UART_testing
                  0x000a84                  _pwm_testing
                  0x000a8a                  _limit_testing
                  0x000ac0                  _UART1_Initialize
                  0x000b00                  __U1TXInterrupt
                  0x000b56                  __U1RXInterrupt
                  0x000ba0                  __U1ErrInterrupt
                  0x000bb6                  _UART1_Read
                  0x000bec                  _UART1_ReadBuffer
                  0x000c20                  _UART1_Write
                  0x000c56                  _UART1_WriteBuffer
                  0x000c88                  _UART1_TransferStatusGet
                  0x000cc4                  _UART1_Peek
                  0x000cec                  _UART1_ReceiveBufferSizeGet
                  0x000d1a                  _UART1_TransmitBufferSizeGet
                  0x000d4a                  _UART1_ReceiveBufferIsEmpty
                  0x000d62                  _UART1_TransmitBufferIsFull
                  0x000d7a                  _UART1_StatusGet
                  0x000d82                  _UART1_ReceiveBufferIsFull
                  0x000d98                  _OC1_Initialize
                  0x000dbc                  _OC1_Tasks
                  0x000dcc                  _OC1_Start
                  0x000de6                  _OC1_Stop
                  0x000df4                  _OC1_SingleCompareValueSet
                  0x000e00                  _OC1_DualCompareValueSet
                  0x000e12                  _OC1_CentreAlignedPWMConfig
                  0x000e24                  _OC1_EdgeAlignedPWMConfig
                  0x000e36                  _OC1_SecondaryValueSet
                  0x000e42                  _OC1_PrimaryValueSet
                  0x000e4e                  _OC1_IsCompareCycleComplete
                  0x000e66                  _OC1_FaultStatusGet
                  0x000e8c                  _OC1_0
                  0x000e9a                  _OC1_90
                  0x000ea8                  _OC1_180
                  0x000eb6                  _OC1_Neutral
                  0x000ec6                  _OC1_Load
                  0x000ed6                  _OC1_MaxRight
                  0x000ee6                  _OC1_MaxLeft
                  0x000ef6                  _OC1_Position
                  0x000f0c                  _TMR3_Initialize
                  0x000f22                  _TMR3_Tasks_16BitOperation
                  0x000f44                  _TMR3_Period16BitSet
                  0x000f56                  _TMR3_Period16BitGet
                  0x000f5e                  _TMR3_Counter16BitSet
                  0x000f70                  _TMR3_Counter16BitGet
                  0x000f78                  _TMR3_Start
                  0x000f86                  _TMR3_Stop
                  0x000f8e                  _TMR3_GetElapsedThenClear
                  0x000fa6                  _TMR3_SoftwareCounterGet
                  0x000fb2                  _TMR3_SoftwareCounterClear
                  0x000fbe                  _ADC1_Initialize
                  0x000fe2                  _ADC1_Start
                  0x000fea                  _ADC1_Stop
                  0x000ff2                  _ADC1_ConversionResultBufferGet
                  0x001024                  _ADC1_ConversionResultGet
                  0x00102c                  _ADC1_IsConversionComplete
                  0x001044                  _ADC1_ChannelSelect
                  0x001050                  _ADC1_Tasks
                  0x001058                  _PIN_MANAGER_Initialize
                  0x0010b0                  __OscillatorFail
                  0x0010b8                  __StackError
                  0x0010c2                  __AddressError
                  0x0010ca                  __MathError
                  0x0010d2                  _SYSTEM_Initialize
                  0x0010e6                  _OSCILLATOR_Initialize
                  0x001130                  _INTERRUPT_Initialize
                  0x001154                  ___delay32

External Symbols in Program Memory (by name):

                  0x001044                  _ADC1_ChannelSelect
                  0x000ff2                  _ADC1_ConversionResultBufferGet
                  0x001024                  _ADC1_ConversionResultGet
                  0x000fbe                  _ADC1_Initialize
                  0x00102c                  _ADC1_IsConversionComplete
                  0x000fe2                  _ADC1_Start
                  0x000fea                  _ADC1_Stop
                  0x001050                  _ADC1_Tasks
                  0x001130                  _INTERRUPT_Initialize
                  0x000e8c                  _OC1_0
                  0x000ea8                  _OC1_180
                  0x000e9a                  _OC1_90
                  0x000e12                  _OC1_CentreAlignedPWMConfig
                  0x000e00                  _OC1_DualCompareValueSet
                  0x000e24                  _OC1_EdgeAlignedPWMConfig
                  0x000e66                  _OC1_FaultStatusGet
                  0x000d98                  _OC1_Initialize
                  0x000e4e                  _OC1_IsCompareCycleComplete
                  0x000ec6                  _OC1_Load
                  0x000ee6                  _OC1_MaxLeft
                  0x000ed6                  _OC1_MaxRight
                  0x000eb6                  _OC1_Neutral
                  0x000ef6                  _OC1_Position
                  0x000e42                  _OC1_PrimaryValueSet
                  0x000e36                  _OC1_SecondaryValueSet
                  0x000df4                  _OC1_SingleCompareValueSet
                  0x000dcc                  _OC1_Start
                  0x000de6                  _OC1_Stop
                  0x000dbc                  _OC1_Tasks
                  0x0010e6                  _OSCILLATOR_Initialize
                  0x001058                  _PIN_MANAGER_Initialize
                  0x0010d2                  _SYSTEM_Initialize
                  0x000f70                  _TMR3_Counter16BitGet
                  0x000f5e                  _TMR3_Counter16BitSet
                  0x000f8e                  _TMR3_GetElapsedThenClear
                  0x000f0c                  _TMR3_Initialize
                  0x000f56                  _TMR3_Period16BitGet
                  0x000f44                  _TMR3_Period16BitSet
                  0x000fb2                  _TMR3_SoftwareCounterClear
                  0x000fa6                  _TMR3_SoftwareCounterGet
                  0x000f78                  _TMR3_Start
                  0x000f86                  _TMR3_Stop
                  0x000f22                  _TMR3_Tasks_16BitOperation
                  0x000ac0                  _UART1_Initialize
                  0x000cc4                  _UART1_Peek
                  0x000bb6                  _UART1_Read
                  0x000bec                  _UART1_ReadBuffer
                  0x000d4a                  _UART1_ReceiveBufferIsEmpty
                  0x000d82                  _UART1_ReceiveBufferIsFull
                  0x000cec                  _UART1_ReceiveBufferSizeGet
                  0x000d7a                  _UART1_StatusGet
                  0x000c88                  _UART1_TransferStatusGet
                  0x000d62                  _UART1_TransmitBufferIsFull
                  0x000d1a                  _UART1_TransmitBufferSizeGet
                  0x000c20                  _UART1_Write
                  0x000c56                  _UART1_WriteBuffer
                  0x000a00                  _UART_testing
                  0x0010c2                  __AddressError
                  0x0002c8                  __DefaultInterrupt
                  0x0010ca                  __MathError
                  0x0010b0                  __OscillatorFail
                  0x0010b8                  __StackError
                  0x000ba0                  __U1ErrInterrupt
                  0x000b56                  __U1RXInterrupt
                  0x000b00                  __U1TXInterrupt
                  0x0002d0                  ___addsf3
                  0x001154                  ___delay32
                  0x00038a                  ___divsf3
                  0x00040e                  ___eqsf2
                  0x000534                  ___floatundisf
                  0x000416                  ___floatunsisf
                  0x000412                  ___gesf2
                  0x000412                  ___gtsf2
                  0x00040e                  ___lesf2
                  0x00040e                  ___ltsf2
                  0x000496                  ___mulsf3
                  0x0002ce                  ___subsf3
                  0x000252                  __data_init
                  0x000252                  __data_init_standard
                  0x000476                  __fPropagateNaN
                  0x000488                  __fbopExit
                  0x000490                  __fbopReturnNaN
                  0x0004fe                  __fcompare
                  0x00041a                  __fpack
                  0x000592                  __funpack
                  0x000466                  __funpack2
                  0x00023c                  __psv_init
                  0x000200                  __resetPRI
                  0x0009c2                  _adc_testing
                  0x0008ca                  _distance_to_pressure
                  0x000938                  _get_sample
                  0x000a8a                  _limit_testing
                  0x0005bc                  _main
                  0x000992                  _pressure_to_voltage
                  0x000a84                  _pwm_testing

Memory Configuration

Name             Origin             Length             Attributes
data             0x000800           0x002000           a !xr
reset            0x000000           0x000004  
ivt              0x000004           0x0000fc  
_reserved        0x000100           0x000004  
aivt             0x000104           0x0000fc  
program          0x000200           0x0155fc           xr
CONFIG2          0x0157fc           0x000002  
CONFIG1          0x0157fe           0x000002  
*default*        0x000000           0xffffffff  

Linker script and memory map

LOAD build/default/debug/mcc_generated_files/uart1.o
LOAD build/default/debug/mcc_generated_files/traps.o
LOAD build/default/debug/mcc_generated_files/mcc.o
LOAD build/default/debug/mcc_generated_files/interrupt_manager.o
LOAD build/default/debug/mcc_generated_files/pin_manager.o
LOAD build/default/debug/mcc_generated_files/tmr3.o
LOAD build/default/debug/mcc_generated_files/oc1.o
LOAD build/default/debug/main.o
LOAD build/default/debug/mcc_generated_files/adc1.o

reserve_data_0x800
                    0x0800         0x20
                    0x0820                  . = 0x20
 *fill*             0x0800         0x2000

reserve_data_0x820
                    0x0820          0x2
                    0x0822                  . = 0x2
 *fill*             0x0820          0x200

reserve_data_0x822
                    0x0822          0x2
                    0x0824                  . = 0x2
 *fill*             0x0822          0x200

reserve_data_0x824
                    0x0824          0x2
                    0x0826                  . = 0x2
 *fill*             0x0824          0x200

reserve_data_0x826
                    0x0826         0x2a
                    0x0850                  . = 0x2a
 *fill*             0x0826         0x2a00
                    0x0001                  __MPLAB_BUILD = 0x1
                    0x0001                  __MPLAB_DEBUG = 0x1
                    0x0001                  __DEBUG = 0x1
                    0x0001                  __MPLAB_DEBUGGER_ICD3 = 0x1
LOAD pPIC24Fxxx
LOAD c:/program files (x86)/microchip/xc16/v1.30/bin/bin/../../lib\libfx-elf.a
                    0x157fc                  __CONFIG2 = 0x157fc
                    0x157fe                  __CONFIG1 = 0x157fe
                    0x0200                  __CODE_BASE = 0x200
                    0x155fc                  __CODE_LENGTH = 0x155fc
                    0x0004                  __IVT_BASE = 0x4
                    0x0104                  __AIVT_BASE = 0x104
                    0x0800                  __DATA_BASE = 0x800
                    0x2000                  __DATA_LENGTH = 0x2000

.reset            0x000000          0x4
                  0x000000          0x2 SHORT 0x200 ABSOLUTE (__reset)
                  0x000001          0x2 SHORT 0x4
                  0x000002          0x2 SHORT 0x0 ((ABSOLUTE (__reset) >> 0x10) & 0x7f)
                  0x000003          0x2 SHORT 0x0

.text             0x000200        0x3bc
 *(.init)
 .init            0x000200         0x4c c:/program files (x86)/microchip/xc16/v1.30/bin/bin/../../lib\liblega-pic30-elf.a(crt0_standard.o)
                  0x000200                  __resetPRI
                  0x000200                  __reset
                  0x00023c                  __psv_init
 .init            0x00024c         0x7c c:/program files (x86)/microchip/xc16/v1.30/bin/bin/../../lib\liblega-pic30-elf.a(data_init_standard.o)
                  0x000252                  __data_init_standard
                  0x000252                  __data_init
 *(.user_init)
 *(.handle)
 *(.isr*)
 .isr             0x0002c8          0x4 default_isr
                  0x0002c8                  __DefaultInterrupt
 *(.libc)
 *(.libm)
 *(.libdsp)
 *(.lib*)
 .libpic30_crt_start_mode
                  0x0002cc          0x2 c:/program files (x86)/microchip/xc16/v1.30/bin/bin/../../lib\liblega-pic30-elf.a(crt_start_mode_normal.Leo)
                  0x0002cc                  __crt_start_mode
                  0x0002cc                  __crt_start_mode_normal
 .libm.subsf3     0x0002ce         0xbc c:/program files (x86)/microchip/xc16/v1.30/bin/bin/../../lib\libm-elf.a(addsf3.eo)
                  0x0002ce                  ___subsf3
                  0x0002d0                  ___addsf3
 .libm.divfs3     0x00038a         0x84 c:/program files (x86)/microchip/xc16/v1.30/bin/bin/../../lib\libm-elf.a(divsf3.eo)
                  0x00038a                  ___divsf3
 .libm.eqsf2      0x00040e          0x4 c:/program files (x86)/microchip/xc16/v1.30/bin/bin/../../lib\libm-elf.a(feqltle.eo)
                  0x00040e                  ___eqsf2
                  0x00040e                  ___ltsf2
                  0x00040e                  ___lesf2
 .libm.gtsf2      0x000412          0x4 c:/program files (x86)/microchip/xc16/v1.30/bin/bin/../../lib\libm-elf.a(fgtge.eo)
                  0x000412                  ___gesf2
                  0x000412                  ___gtsf2
 .libm.floatunsisf
                  0x000416          0x4 c:/program files (x86)/microchip/xc16/v1.30/bin/bin/../../lib\libm-elf.a(floatunsisf.eo)
                  0x000416                  ___floatunsisf
 .libm.fpack      0x00041a         0x4c c:/program files (x86)/microchip/xc16/v1.30/bin/bin/../../lib\libm-elf.a(fpack.eo)
                  0x00041a                  __fpack
 .libm.funpack2
                  0x000466         0x10 c:/program files (x86)/microchip/xc16/v1.30/bin/bin/../../lib\libm-elf.a(funpack2.eo)
                  0x000466                  __funpack2
 .libm.fPropagateNaN
                  0x000476         0x12 c:/program files (x86)/microchip/xc16/v1.30/bin/bin/../../lib\libm-elf.a(futil.eo)
                  0x000476                  __fPropagateNaN
 .libm.fbobExit
                  0x000488          0x8 c:/program files (x86)/microchip/xc16/v1.30/bin/bin/../../lib\libm-elf.a(futil.eo)
                  0x000488                  __fbopExit
 .libm.fbopReturnNaN
                  0x000490          0x6 c:/program files (x86)/microchip/xc16/v1.30/bin/bin/../../lib\libm-elf.a(futil.eo)
                  0x000490                  __fbopReturnNaN
 .libm.mulsf3     0x000496         0x68 c:/program files (x86)/microchip/xc16/v1.30/bin/bin/../../lib\libm-elf.a(mulsf3.eo)
                  0x000496                  ___mulsf3
 .libm.fcompare
                  0x0004fe         0x36 c:/program files (x86)/microchip/xc16/v1.30/bin/bin/../../lib\libm-elf.a(fcompare.eo)
                  0x0004fe                  __fcompare
 .libm.floatundisf
                  0x000534         0x5e c:/program files (x86)/microchip/xc16/v1.30/bin/bin/../../lib\libm-elf.a(floatundisf.eo)
                  0x000534                  ___floatundisf
 .libm.funpack    0x000592         0x2a c:/program files (x86)/microchip/xc16/v1.30/bin/bin/../../lib\libm-elf.a(funpack.eo)
                  0x000592                  __funpack

usercode
 *(usercode)

__CONFIG2
 *(__CONFIG2.sec*)

__CONFIG1
 *(__CONFIG1.sec*)

.comment
 *(.comment)

.debug_info       0x000000       0x3ec0
 *(.debug_info)
 .debug_info      0x000000        0xf01 build/default/debug/mcc_generated_files/uart1.o
 .debug_info      0x000f01        0x38c build/default/debug/mcc_generated_files/traps.o
 .debug_info      0x00128d        0x200 build/default/debug/mcc_generated_files/mcc.o
 .debug_info      0x00148d        0x556 build/default/debug/mcc_generated_files/interrupt_manager.o
 .debug_info      0x0019e3        0x376 build/default/debug/mcc_generated_files/pin_manager.o
 .debug_info      0x001d59        0x62d build/default/debug/mcc_generated_files/tmr3.o
 .debug_info      0x002386        0x776 build/default/debug/mcc_generated_files/oc1.o
 .debug_info      0x002afc        0xb64 build/default/debug/main.o
 .debug_info      0x003660        0x860 build/default/debug/mcc_generated_files/adc1.o
 *(.gnu.linkonce.wi.*)

.debug_abbrev     0x000000        0xa65
 *(.debug_abbrev)
 .debug_abbrev    0x000000        0x217 build/default/debug/mcc_generated_files/uart1.o
 .debug_abbrev    0x000217        0x100 build/default/debug/mcc_generated_files/traps.o
 .debug_abbrev    0x000317         0x59 build/default/debug/mcc_generated_files/mcc.o
 .debug_abbrev    0x000370         0xa7 build/default/debug/mcc_generated_files/interrupt_manager.o
 .debug_abbrev    0x000417         0x5d build/default/debug/mcc_generated_files/pin_manager.o
 .debug_abbrev    0x000474        0x16e build/default/debug/mcc_generated_files/tmr3.o
 .debug_abbrev    0x0005e2        0x184 build/default/debug/mcc_generated_files/oc1.o
 .debug_abbrev    0x000766        0x165 build/default/debug/main.o
 .debug_abbrev    0x0008cb        0x19a build/default/debug/mcc_generated_files/adc1.o

.debug_line       0x000000        0xaaf
 *(.debug_line)
 .debug_line      0x000000        0x19f build/default/debug/mcc_generated_files/uart1.o
 .debug_line      0x00019f        0x11c build/default/debug/mcc_generated_files/traps.o
 .debug_line      0x0002bb        0x108 build/default/debug/mcc_generated_files/mcc.o
 .debug_line      0x0003c3         0xb6 build/default/debug/mcc_generated_files/interrupt_manager.o
 .debug_line      0x000479         0xc2 build/default/debug/mcc_generated_files/pin_manager.o
 .debug_line      0x00053b        0x128 build/default/debug/mcc_generated_files/tmr3.o
 .debug_line      0x000663        0x15b build/default/debug/mcc_generated_files/oc1.o
 .debug_line      0x0007be        0x1c8 build/default/debug/main.o
 .debug_line      0x000986        0x129 build/default/debug/mcc_generated_files/adc1.o

.debug_frame      0x000000        0x898
 *(.debug_frame)
 .debug_frame     0x000000        0x1f2 build/default/debug/mcc_generated_files/uart1.o
 .debug_frame     0x0001f2         0x80 build/default/debug/mcc_generated_files/traps.o
 .debug_frame     0x000272         0x4c build/default/debug/mcc_generated_files/mcc.o
 .debug_frame     0x0002be         0x30 build/default/debug/mcc_generated_files/interrupt_manager.o
 .debug_frame     0x0002ee         0x30 build/default/debug/mcc_generated_files/pin_manager.o
 .debug_frame     0x00031e        0x148 build/default/debug/mcc_generated_files/tmr3.o
 .debug_frame     0x000466        0x244 build/default/debug/mcc_generated_files/oc1.o
 .debug_frame     0x0006aa         0xfa build/default/debug/main.o
 .debug_frame     0x0007a4         0xf4 build/default/debug/mcc_generated_files/adc1.o

.debug_str        0x000000        0x141
 *(.debug_str)
 .debug_str       0x000000         0x30 build/default/debug/mcc_generated_files/uart1.o
 .debug_str       0x000030          0xc build/default/debug/mcc_generated_files/traps.o
 .debug_str       0x00003c         0x1c build/default/debug/mcc_generated_files/interrupt_manager.o
 .debug_str       0x000058         0x13 build/default/debug/mcc_generated_files/tmr3.o
 .debug_str       0x00006b         0x22 build/default/debug/mcc_generated_files/oc1.o
 .debug_str       0x00008d         0x8a build/default/debug/main.o
 .debug_str       0x000117         0x2a build/default/debug/mcc_generated_files/adc1.o

.debug_loc
 *(.debug_loc)

.debug_macinfo
 *(.debug_macinfo)

.debug_pubnames
                  0x000000        0x6b2
 *(.debug_pubnames)
 .debug_pubnames
                  0x000000        0x18e build/default/debug/mcc_generated_files/uart1.o
 .debug_pubnames
                  0x00018e         0x6f build/default/debug/mcc_generated_files/traps.o
 .debug_pubnames
                  0x0001fd         0x42 build/default/debug/mcc_generated_files/mcc.o
 .debug_pubnames
                  0x00023f         0x2b build/default/debug/mcc_generated_files/interrupt_manager.o
 .debug_pubnames
                  0x00026a         0x2d build/default/debug/mcc_generated_files/pin_manager.o
 .debug_pubnames
                  0x000297        0x11a build/default/debug/mcc_generated_files/tmr3.o
 .debug_pubnames
                  0x0003b1        0x19c build/default/debug/mcc_generated_files/oc1.o
 .debug_pubnames
                  0x00054d         0x9e build/default/debug/main.o
 .debug_pubnames
                  0x0005eb         0xc7 build/default/debug/mcc_generated_files/adc1.o

.debug_ranges
 *(.debug_ranges)

.debug_aranges    0x000000         0xd8
 *(.debug_aranges)
 .debug_aranges
                  0x000000         0x18 build/default/debug/mcc_generated_files/uart1.o
 .debug_aranges
                  0x000018         0x18 build/default/debug/mcc_generated_files/traps.o
 .debug_aranges
                  0x000030         0x18 build/default/debug/mcc_generated_files/mcc.o
 .debug_aranges
                  0x000048         0x18 build/default/debug/mcc_generated_files/interrupt_manager.o
 .debug_aranges
                  0x000060         0x18 build/default/debug/mcc_generated_files/pin_manager.o
 .debug_aranges
                  0x000078         0x18 build/default/debug/mcc_generated_files/tmr3.o
 .debug_aranges
                  0x000090         0x18 build/default/debug/mcc_generated_files/oc1.o
 .debug_aranges
                  0x0000a8         0x18 build/default/debug/main.o
 .debug_aranges
                  0x0000c0         0x18 build/default/debug/mcc_generated_files/adc1.o
                    0x0000                  WREG0 = 0x0
                    0x0000                  _WREG0 = 0x0
                    0x0002                  WREG1 = 0x2
                    0x0002                  _WREG1 = 0x2
                    0x0004                  WREG2 = 0x4
                    0x0004                  _WREG2 = 0x4
                    0x0006                  WREG3 = 0x6
                    0x0006                  _WREG3 = 0x6
                    0x0008                  WREG4 = 0x8
                    0x0008                  _WREG4 = 0x8
                    0x000a                  WREG5 = 0xa
                    0x000a                  _WREG5 = 0xa
                    0x000c                  WREG6 = 0xc
                    0x000c                  _WREG6 = 0xc
                    0x000e                  WREG7 = 0xe
                    0x000e                  _WREG7 = 0xe
                    0x0010                  WREG8 = 0x10
                    0x0010                  _WREG8 = 0x10
                    0x0012                  WREG9 = 0x12
                    0x0012                  _WREG9 = 0x12
                    0x0014                  WREG10 = 0x14
                    0x0014                  _WREG10 = 0x14
                    0x0016                  WREG11 = 0x16
                    0x0016                  _WREG11 = 0x16
                    0x0018                  WREG12 = 0x18
                    0x0018                  _WREG12 = 0x18
                    0x001a                  WREG13 = 0x1a
                    0x001a                  _WREG13 = 0x1a
                    0x001c                  WREG14 = 0x1c
                    0x001c                  _WREG14 = 0x1c
                    0x001e                  WREG15 = 0x1e
                    0x001e                  _WREG15 = 0x1e
                    0x0020                  SPLIM = 0x20
                    0x0020                  _SPLIM = 0x20
                    0x002e                  PCL = 0x2e
                    0x002e                  _PCL = 0x2e
                    0x0030                  PCH = 0x30
                    0x0030                  _PCH = 0x30
                    0x0032                  TBLPAG = 0x32
                    0x0032                  _TBLPAG = 0x32
                    0x0034                  PSVPAG = 0x34
                    0x0034                  _PSVPAG = 0x34
                    0x0036                  RCOUNT = 0x36
                    0x0036                  _RCOUNT = 0x36
                    0x0042                  SR = 0x42
                    0x0042                  _SR = 0x42
                    0x0042                  _SRbits = 0x42
                    0x0044                  CORCON = 0x44
                    0x0044                  _CORCON = 0x44
                    0x0044                  _CORCONbits = 0x44
                    0x0052                  DISICNT = 0x52
                    0x0052                  _DISICNT = 0x52
                    0x0060                  CNEN1 = 0x60
                    0x0060                  _CNEN1 = 0x60
                    0x0060                  _CNEN1bits = 0x60
                    0x0062                  CNEN2 = 0x62
                    0x0062                  _CNEN2 = 0x62
                    0x0062                  _CNEN2bits = 0x62
                    0x0068                  CNPU1 = 0x68
                    0x0068                  _CNPU1 = 0x68
                    0x0068                  _CNPU1bits = 0x68
                    0x006a                  CNPU2 = 0x6a
                    0x006a                  _CNPU2 = 0x6a
                    0x006a                  _CNPU2bits = 0x6a
                    0x0080                  INTCON1 = 0x80
                    0x0080                  _INTCON1 = 0x80
                    0x0080                  _INTCON1bits = 0x80
                    0x0082                  INTCON2 = 0x82
                    0x0082                  _INTCON2 = 0x82
                    0x0082                  _INTCON2bits = 0x82
                    0x0084                  IFS0 = 0x84
                    0x0084                  _IFS0 = 0x84
                    0x0084                  _IFS0bits = 0x84
                    0x0086                  IFS1 = 0x86
                    0x0086                  _IFS1 = 0x86
                    0x0086                  _IFS1bits = 0x86
                    0x0088                  IFS2 = 0x88
                    0x0088                  _IFS2 = 0x88
                    0x0088                  _IFS2bits = 0x88
                    0x008a                  IFS3 = 0x8a
                    0x008a                  _IFS3 = 0x8a
                    0x008a                  _IFS3bits = 0x8a
                    0x008c                  IFS4 = 0x8c
                    0x008c                  _IFS4 = 0x8c
                    0x008c                  _IFS4bits = 0x8c
                    0x0094                  IEC0 = 0x94
                    0x0094                  _IEC0 = 0x94
                    0x0094                  _IEC0bits = 0x94
                    0x0096                  IEC1 = 0x96
                    0x0096                  _IEC1 = 0x96
                    0x0096                  _IEC1bits = 0x96
                    0x0098                  IEC2 = 0x98
                    0x0098                  _IEC2 = 0x98
                    0x0098                  _IEC2bits = 0x98
                    0x009a                  IEC3 = 0x9a
                    0x009a                  _IEC3 = 0x9a
                    0x009a                  _IEC3bits = 0x9a
                    0x009c                  IEC4 = 0x9c
                    0x009c                  _IEC4 = 0x9c
                    0x009c                  _IEC4bits = 0x9c
                    0x00a4                  IPC0 = 0xa4
                    0x00a4                  _IPC0 = 0xa4
                    0x00a4                  _IPC0bits = 0xa4
                    0x00a6                  IPC1 = 0xa6
                    0x00a6                  _IPC1 = 0xa6
                    0x00a6                  _IPC1bits = 0xa6
                    0x00a8                  IPC2 = 0xa8
                    0x00a8                  _IPC2 = 0xa8
                    0x00a8                  _IPC2bits = 0xa8
                    0x00aa                  IPC3 = 0xaa
                    0x00aa                  _IPC3 = 0xaa
                    0x00aa                  _IPC3bits = 0xaa
                    0x00ac                  IPC4 = 0xac
                    0x00ac                  _IPC4 = 0xac
                    0x00ac                  _IPC4bits = 0xac
                    0x00ae                  IPC5 = 0xae
                    0x00ae                  _IPC5 = 0xae
                    0x00ae                  _IPC5bits = 0xae
                    0x00b0                  IPC6 = 0xb0
                    0x00b0                  _IPC6 = 0xb0
                    0x00b0                  _IPC6bits = 0xb0
                    0x00b2                  IPC7 = 0xb2
                    0x00b2                  _IPC7 = 0xb2
                    0x00b2                  _IPC7bits = 0xb2
                    0x00b4                  IPC8 = 0xb4
                    0x00b4                  _IPC8 = 0xb4
                    0x00b4                  _IPC8bits = 0xb4
                    0x00b6                  IPC9 = 0xb6
                    0x00b6                  _IPC9 = 0xb6
                    0x00b6                  _IPC9bits = 0xb6
                    0x00b8                  IPC10 = 0xb8
                    0x00b8                  _IPC10 = 0xb8
                    0x00b8                  _IPC10bits = 0xb8
                    0x00ba                  IPC11 = 0xba
                    0x00ba                  _IPC11 = 0xba
                    0x00ba                  _IPC11bits = 0xba
                    0x00bc                  IPC12 = 0xbc
                    0x00bc                  _IPC12 = 0xbc
                    0x00bc                  _IPC12bits = 0xbc
                    0x00be                  IPC13 = 0xbe
                    0x00be                  _IPC13 = 0xbe
                    0x00be                  _IPC13bits = 0xbe
                    0x00c2                  IPC15 = 0xc2
                    0x00c2                  _IPC15 = 0xc2
                    0x00c2                  _IPC15bits = 0xc2
                    0x00c4                  IPC16 = 0xc4
                    0x00c4                  _IPC16 = 0xc4
                    0x00c4                  _IPC16bits = 0xc4
                    0x00e0                  INTTREG = 0xe0
                    0x00e0                  _INTTREG = 0xe0
                    0x00e0                  _INTTREGbits = 0xe0
                    0x0100                  TMR1 = 0x100
                    0x0100                  _TMR1 = 0x100
                    0x0102                  PR1 = 0x102
                    0x0102                  _PR1 = 0x102
                    0x0104                  T1CON = 0x104
                    0x0104                  _T1CON = 0x104
                    0x0104                  _T1CONbits = 0x104
                    0x0106                  TMR2 = 0x106
                    0x0106                  _TMR2 = 0x106
                    0x0108                  TMR3HLD = 0x108
                    0x0108                  _TMR3HLD = 0x108
                    0x010a                  TMR3 = 0x10a
                    0x010a                  _TMR3 = 0x10a
                    0x010c                  PR2 = 0x10c
                    0x010c                  _PR2 = 0x10c
                    0x010e                  PR3 = 0x10e
                    0x010e                  _PR3 = 0x10e
                    0x0110                  T2CON = 0x110
                    0x0110                  _T2CON = 0x110
                    0x0110                  _T2CONbits = 0x110
                    0x0112                  T3CON = 0x112
                    0x0112                  _T3CON = 0x112
                    0x0112                  _T3CONbits = 0x112
                    0x0114                  TMR4 = 0x114
                    0x0114                  _TMR4 = 0x114
                    0x0116                  TMR5HLD = 0x116
                    0x0116                  _TMR5HLD = 0x116
                    0x0118                  TMR5 = 0x118
                    0x0118                  _TMR5 = 0x118
                    0x011a                  PR4 = 0x11a
                    0x011a                  _PR4 = 0x11a
                    0x011c                  PR5 = 0x11c
                    0x011c                  _PR5 = 0x11c
                    0x011e                  T4CON = 0x11e
                    0x011e                  _T4CON = 0x11e
                    0x011e                  _T4CONbits = 0x11e
                    0x0120                  T5CON = 0x120
                    0x0120                  _T5CON = 0x120
                    0x0120                  _T5CONbits = 0x120
                    0x0140                  IC1BUF = 0x140
                    0x0140                  _IC1BUF = 0x140
                    0x0142                  IC1CON = 0x142
                    0x0142                  _IC1CON = 0x142
                    0x0142                  _IC1CONbits = 0x142
                    0x0144                  IC2BUF = 0x144
                    0x0144                  _IC2BUF = 0x144
                    0x0146                  IC2CON = 0x146
                    0x0146                  _IC2CON = 0x146
                    0x0146                  _IC2CONbits = 0x146
                    0x0148                  IC3BUF = 0x148
                    0x0148                  _IC3BUF = 0x148
                    0x014a                  IC3CON = 0x14a
                    0x014a                  _IC3CON = 0x14a
                    0x014a                  _IC3CONbits = 0x14a
                    0x014c                  IC4BUF = 0x14c
                    0x014c                  _IC4BUF = 0x14c
                    0x014e                  IC4CON = 0x14e
                    0x014e                  _IC4CON = 0x14e
                    0x014e                  _IC4CONbits = 0x14e
                    0x0150                  IC5BUF = 0x150
                    0x0150                  _IC5BUF = 0x150
                    0x0152                  IC5CON = 0x152
                    0x0152                  _IC5CON = 0x152
                    0x0152                  _IC5CONbits = 0x152
                    0x0180                  OC1RS = 0x180
                    0x0180                  _OC1RS = 0x180
                    0x0182                  OC1R = 0x182
                    0x0182                  _OC1R = 0x182
                    0x0184                  OC1CON = 0x184
                    0x0184                  _OC1CON = 0x184
                    0x0184                  _OC1CONbits = 0x184
                    0x0186                  OC2RS = 0x186
                    0x0186                  _OC2RS = 0x186
                    0x0188                  OC2R = 0x188
                    0x0188                  _OC2R = 0x188
                    0x018a                  OC2CON = 0x18a
                    0x018a                  _OC2CON = 0x18a
                    0x018a                  _OC2CONbits = 0x18a
                    0x018c                  OC3RS = 0x18c
                    0x018c                  _OC3RS = 0x18c
                    0x018e                  OC3R = 0x18e
                    0x018e                  _OC3R = 0x18e
                    0x0190                  OC3CON = 0x190
                    0x0190                  _OC3CON = 0x190
                    0x0190                  _OC3CONbits = 0x190
                    0x0192                  OC4RS = 0x192
                    0x0192                  _OC4RS = 0x192
                    0x0194                  OC4R = 0x194
                    0x0194                  _OC4R = 0x194
                    0x0196                  OC4CON = 0x196
                    0x0196                  _OC4CON = 0x196
                    0x0196                  _OC4CONbits = 0x196
                    0x0198                  OC5RS = 0x198
                    0x0198                  _OC5RS = 0x198
                    0x019a                  OC5R = 0x19a
                    0x019a                  _OC5R = 0x19a
                    0x019c                  OC5CON = 0x19c
                    0x019c                  _OC5CON = 0x19c
                    0x019c                  _OC5CONbits = 0x19c
                    0x0200                  I2C1RCV = 0x200
                    0x0200                  _I2C1RCV = 0x200
                    0x0202                  I2C1TRN = 0x202
                    0x0202                  _I2C1TRN = 0x202
                    0x0204                  I2C1BRG = 0x204
                    0x0204                  _I2C1BRG = 0x204
                    0x0206                  I2C1CON = 0x206
                    0x0206                  _I2C1CON = 0x206
                    0x0206                  _I2C1CONbits = 0x206
                    0x0208                  I2C1STAT = 0x208
                    0x0208                  _I2C1STAT = 0x208
                    0x0208                  _I2C1STATbits = 0x208
                    0x020a                  I2C1ADD = 0x20a
                    0x020a                  _I2C1ADD = 0x20a
                    0x020c                  I2C1MSK = 0x20c
                    0x020c                  _I2C1MSK = 0x20c
                    0x0210                  I2C2RCV = 0x210
                    0x0210                  _I2C2RCV = 0x210
                    0x0212                  I2C2TRN = 0x212
                    0x0212                  _I2C2TRN = 0x212
                    0x0214                  I2C2BRG = 0x214
                    0x0214                  _I2C2BRG = 0x214
                    0x0216                  I2C2CON = 0x216
                    0x0216                  _I2C2CON = 0x216
                    0x0216                  _I2C2CONbits = 0x216
                    0x0218                  I2C2STAT = 0x218
                    0x0218                  _I2C2STAT = 0x218
                    0x0218                  _I2C2STATbits = 0x218
                    0x021a                  I2C2ADD = 0x21a
                    0x021a                  _I2C2ADD = 0x21a
                    0x021c                  I2C2MSK = 0x21c
                    0x021c                  _I2C2MSK = 0x21c
                    0x0220                  U1MODE = 0x220
                    0x0220                  _U1MODE = 0x220
                    0x0220                  _U1MODEbits = 0x220
                    0x0222                  U1STA = 0x222
                    0x0222                  _U1STA = 0x222
                    0x0222                  _U1STAbits = 0x222
                    0x0224                  U1TXREG = 0x224
                    0x0224                  _U1TXREG = 0x224
                    0x0226                  U1RXREG = 0x226
                    0x0226                  _U1RXREG = 0x226
                    0x0228                  U1BRG = 0x228
                    0x0228                  _U1BRG = 0x228
                    0x0230                  U2MODE = 0x230
                    0x0230                  _U2MODE = 0x230
                    0x0230                  _U2MODEbits = 0x230
                    0x0232                  U2STA = 0x232
                    0x0232                  _U2STA = 0x232
                    0x0232                  _U2STAbits = 0x232
                    0x0234                  U2TXREG = 0x234
                    0x0234                  _U2TXREG = 0x234
                    0x0236                  U2RXREG = 0x236
                    0x0236                  _U2RXREG = 0x236
                    0x0238                  U2BRG = 0x238
                    0x0238                  _U2BRG = 0x238
                    0x0240                  SPI1STAT = 0x240
                    0x0240                  _SPI1STAT = 0x240
                    0x0240                  _SPI1STATbits = 0x240
                    0x0242                  SPI1CON1 = 0x242
                    0x0242                  _SPI1CON1 = 0x242
                    0x0242                  _SPI1CON1bits = 0x242
                    0x0244                  SPI1CON2 = 0x244
                    0x0244                  _SPI1CON2 = 0x244
                    0x0244                  _SPI1CON2bits = 0x244
                    0x0248                  SPI1BUF = 0x248
                    0x0248                  _SPI1BUF = 0x248
                    0x0260                  SPI2STAT = 0x260
                    0x0260                  _SPI2STAT = 0x260
                    0x0260                  _SPI2STATbits = 0x260
                    0x0262                  SPI2CON1 = 0x262
                    0x0262                  _SPI2CON1 = 0x262
                    0x0262                  _SPI2CON1bits = 0x262
                    0x0264                  SPI2CON2 = 0x264
                    0x0264                  _SPI2CON2 = 0x264
                    0x0264                  _SPI2CON2bits = 0x264
                    0x0268                  SPI2BUF = 0x268
                    0x0268                  _SPI2BUF = 0x268
                    0x02c6                  TRISB = 0x2c6
                    0x02c6                  _TRISB = 0x2c6
                    0x02c6                  _TRISBbits = 0x2c6
                    0x02c8                  PORTB = 0x2c8
                    0x02c8                  _PORTB = 0x2c8
                    0x02c8                  _PORTBbits = 0x2c8
                    0x02ca                  LATB = 0x2ca
                    0x02ca                  _LATB = 0x2ca
                    0x02ca                  _LATBbits = 0x2ca
                    0x02cc                  TRISC = 0x2cc
                    0x02cc                  _TRISC = 0x2cc
                    0x02cc                  _TRISCbits = 0x2cc
                    0x02ce                  PORTC = 0x2ce
                    0x02ce                  _PORTC = 0x2ce
                    0x02ce                  _PORTCbits = 0x2ce
                    0x02d0                  LATC = 0x2d0
                    0x02d0                  _LATC = 0x2d0
                    0x02d0                  _LATCbits = 0x2d0
                    0x02d2                  TRISD = 0x2d2
                    0x02d2                  _TRISD = 0x2d2
                    0x02d2                  _TRISDbits = 0x2d2
                    0x02d4                  PORTD = 0x2d4
                    0x02d4                  _PORTD = 0x2d4
                    0x02d4                  _PORTDbits = 0x2d4
                    0x02d6                  LATD = 0x2d6
                    0x02d6                  _LATD = 0x2d6
                    0x02d6                  _LATDbits = 0x2d6
                    0x02d8                  TRISE = 0x2d8
                    0x02d8                  _TRISE = 0x2d8
                    0x02d8                  _TRISEbits = 0x2d8
                    0x02da                  PORTE = 0x2da
                    0x02da                  _PORTE = 0x2da
                    0x02da                  _PORTEbits = 0x2da
                    0x02dc                  LATE = 0x2dc
                    0x02dc                  _LATE = 0x2dc
                    0x02dc                  _LATEbits = 0x2dc
                    0x02de                  TRISF = 0x2de
                    0x02de                  _TRISF = 0x2de
                    0x02de                  _TRISFbits = 0x2de
                    0x02e0                  PORTF = 0x2e0
                    0x02e0                  _PORTF = 0x2e0
                    0x02e0                  _PORTFbits = 0x2e0
                    0x02e2                  LATF = 0x2e2
                    0x02e2                  _LATF = 0x2e2
                    0x02e2                  _LATFbits = 0x2e2
                    0x02e4                  TRISG = 0x2e4
                    0x02e4                  _TRISG = 0x2e4
                    0x02e4                  _TRISGbits = 0x2e4
                    0x02e6                  PORTG = 0x2e6
                    0x02e6                  _PORTG = 0x2e6
                    0x02e6                  _PORTGbits = 0x2e6
                    0x02e8                  LATG = 0x2e8
                    0x02e8                  _LATG = 0x2e8
                    0x02e8                  _LATGbits = 0x2e8
                    0x02fc                  PADCFG1 = 0x2fc
                    0x02fc                  _PADCFG1 = 0x2fc
                    0x02fc                  _PADCFG1bits = 0x2fc
                    0x0300                  ADC1BUF0 = 0x300
                    0x0300                  _ADC1BUF0 = 0x300
                    0x0302                  ADC1BUF1 = 0x302
                    0x0302                  _ADC1BUF1 = 0x302
                    0x0304                  ADC1BUF2 = 0x304
                    0x0304                  _ADC1BUF2 = 0x304
                    0x0306                  ADC1BUF3 = 0x306
                    0x0306                  _ADC1BUF3 = 0x306
                    0x0308                  ADC1BUF4 = 0x308
                    0x0308                  _ADC1BUF4 = 0x308
                    0x030a                  ADC1BUF5 = 0x30a
                    0x030a                  _ADC1BUF5 = 0x30a
                    0x030c                  ADC1BUF6 = 0x30c
                    0x030c                  _ADC1BUF6 = 0x30c
                    0x030e                  ADC1BUF7 = 0x30e
                    0x030e                  _ADC1BUF7 = 0x30e
                    0x0310                  ADC1BUF8 = 0x310
                    0x0310                  _ADC1BUF8 = 0x310
                    0x0312                  ADC1BUF9 = 0x312
                    0x0312                  _ADC1BUF9 = 0x312
                    0x0314                  ADC1BUFA = 0x314
                    0x0314                  _ADC1BUFA = 0x314
                    0x0316                  ADC1BUFB = 0x316
                    0x0316                  _ADC1BUFB = 0x316
                    0x0318                  ADC1BUFC = 0x318
                    0x0318                  _ADC1BUFC = 0x318
                    0x031a                  ADC1BUFD = 0x31a
                    0x031a                  _ADC1BUFD = 0x31a
                    0x031c                  ADC1BUFE = 0x31c
                    0x031c                  _ADC1BUFE = 0x31c
                    0x031e                  ADC1BUFF = 0x31e
                    0x031e                  _ADC1BUFF = 0x31e
                    0x0320                  AD1CON1 = 0x320
                    0x0320                  _AD1CON1 = 0x320
                    0x0320                  _AD1CON1bits = 0x320
                    0x0322                  AD1CON2 = 0x322
                    0x0322                  _AD1CON2 = 0x322
                    0x0322                  _AD1CON2bits = 0x322
                    0x0324                  AD1CON3 = 0x324
                    0x0324                  _AD1CON3 = 0x324
                    0x0324                  _AD1CON3bits = 0x324
                    0x0328                  AD1CHS = 0x328
                    0x0328                  _AD1CHS = 0x328
                    0x0328                  _AD1CHSbits = 0x328
                    0x032c                  AD1PCFG = 0x32c
                    0x032c                  _AD1PCFG = 0x32c
                    0x032c                  _AD1PCFGbits = 0x32c
                    0x0330                  AD1CSSL = 0x330
                    0x0330                  _AD1CSSL = 0x330
                    0x0330                  _AD1CSSLbits = 0x330
                    0x0600                  PMCON = 0x600
                    0x0600                  _PMCON = 0x600
                    0x0600                  _PMCONbits = 0x600
                    0x0602                  PMMODE = 0x602
                    0x0602                  _PMMODE = 0x602
                    0x0602                  _PMMODEbits = 0x602
                    0x0604                  PMADDR = 0x604
                    0x0604                  _PMADDR = 0x604
                    0x0604                  _PMADDRbits = 0x604
                    0x0604                  PMDOUT1 = 0x604
                    0x0604                  _PMDOUT1 = 0x604
                    0x0604                  _PMDOUT1bits = 0x604
                    0x0606                  PMDOUT2 = 0x606
                    0x0606                  _PMDOUT2 = 0x606
                    0x0608                  PMDIN1 = 0x608
                    0x0608                  _PMDIN1 = 0x608
                    0x060a                  PMDIN2 = 0x60a
                    0x060a                  _PMDIN2 = 0x60a
                    0x060c                  PMAEN = 0x60c
                    0x060c                  _PMAEN = 0x60c
                    0x060c                  _PMAENbits = 0x60c
                    0x060e                  PMSTAT = 0x60e
                    0x060e                  _PMSTAT = 0x60e
                    0x060e                  _PMSTATbits = 0x60e
                    0x0620                  ALRMVAL = 0x620
                    0x0620                  _ALRMVAL = 0x620
                    0x0622                  ALCFGRPT = 0x622
                    0x0622                  _ALCFGRPT = 0x622
                    0x0622                  _ALCFGRPTbits = 0x622
                    0x0624                  RTCVAL = 0x624
                    0x0624                  _RTCVAL = 0x624
                    0x0626                  RCFGCAL = 0x626
                    0x0626                  _RCFGCAL = 0x626
                    0x0626                  _RCFGCALbits = 0x626
                    0x0630                  CMCON = 0x630
                    0x0630                  _CMCON = 0x630
                    0x0630                  _CMCONbits = 0x630
                    0x0632                  CVRCON = 0x632
                    0x0632                  _CVRCON = 0x632
                    0x0632                  _CVRCONbits = 0x632
                    0x0640                  CRCCON = 0x640
                    0x0640                  _CRCCON = 0x640
                    0x0640                  _CRCCONbits = 0x640
                    0x0642                  CRCXOR = 0x642
                    0x0642                  _CRCXOR = 0x642
                    0x0642                  _CRCXORbits = 0x642
                    0x0644                  CRCDAT = 0x644
                    0x0644                  _CRCDAT = 0x644
                    0x0646                  CRCWDAT = 0x646
                    0x0646                  _CRCWDAT = 0x646
                    0x06c6                  ODCB = 0x6c6
                    0x06c6                  _ODCB = 0x6c6
                    0x06c6                  _ODCBbits = 0x6c6
                    0x06cc                  ODCC = 0x6cc
                    0x06cc                  _ODCC = 0x6cc
                    0x06cc                  _ODCCbits = 0x6cc
                    0x06d2                  ODCD = 0x6d2
                    0x06d2                  _ODCD = 0x6d2
                    0x06d2                  _ODCDbits = 0x6d2
                    0x06d8                  ODCE = 0x6d8
                    0x06d8                  _ODCE = 0x6d8
                    0x06d8                  _ODCEbits = 0x6d8
                    0x06de                  ODCF = 0x6de
                    0x06de                  _ODCF = 0x6de
                    0x06de                  _ODCFbits = 0x6de
                    0x06e4                  ODCG = 0x6e4
                    0x06e4                  _ODCG = 0x6e4
                    0x06e4                  _ODCGbits = 0x6e4
                    0x0740                  RCON = 0x740
                    0x0740                  _RCON = 0x740
                    0x0740                  _RCONbits = 0x740
                    0x0742                  OSCCON = 0x742
                    0x0742                  _OSCCON = 0x742
                    0x0742                  _OSCCONbits = 0x742
                    0x0742                  OSCCONL = 0x742
                    0x0742                  _OSCCONL = 0x742
                    0x0743                  OSCCONH = 0x743
                    0x0743                  _OSCCONH = 0x743
                    0x0744                  CLKDIV = 0x744
                    0x0744                  _CLKDIV = 0x744
                    0x0744                  _CLKDIVbits = 0x744
                    0x0748                  OSCTUN = 0x748
                    0x0748                  _OSCTUN = 0x748
                    0x0748                  _OSCTUNbits = 0x748
                    0x0760                  NVMCON = 0x760
                    0x0760                  _NVMCON = 0x760
                    0x0760                  _NVMCONbits = 0x760
                    0x0766                  NVMKEY = 0x766
                    0x0766                  _NVMKEY = 0x766
                    0x0770                  PMD1 = 0x770
                    0x0770                  _PMD1 = 0x770
                    0x0770                  _PMD1bits = 0x770
                    0x0772                  PMD2 = 0x772
                    0x0772                  _PMD2 = 0x772
                    0x0772                  _PMD2bits = 0x772
                    0x0774                  PMD3 = 0x774
                    0x0774                  _PMD3 = 0x774
                    0x0774                  _PMD3bits = 0x774
                    0x0140                  IC1 = 0x140
                    0x0140                  _IC1 = 0x140
                    0x0144                  IC2 = 0x144
                    0x0144                  _IC2 = 0x144
                    0x0148                  IC3 = 0x148
                    0x0148                  _IC3 = 0x148
                    0x014c                  IC4 = 0x14c
                    0x014c                  _IC4 = 0x14c
                    0x0150                  IC5 = 0x150
                    0x0150                  _IC5 = 0x150
                    0x0180                  OC1 = 0x180
                    0x0180                  _OC1 = 0x180
                    0x0186                  OC2 = 0x186
                    0x0186                  _OC2 = 0x186
                    0x018c                  OC3 = 0x18c
                    0x018c                  _OC3 = 0x18c
                    0x0192                  OC4 = 0x192
                    0x0192                  _OC4 = 0x192
                    0x0198                  OC5 = 0x198
                    0x0198                  _OC5 = 0x198
                    0x0240                  SPI1 = 0x240
                    0x0240                  _SPI1 = 0x240
                    0x0260                  SPI2 = 0x260
                    0x0260                  _SPI2 = 0x260
                    0x0220                  UART1 = 0x220
                    0x0220                  _UART1 = 0x220
                    0x0230                  UART2 = 0x230
                    0x0230                  _UART2 = 0x230
START GROUP
LOAD c:/program files (x86)/microchip/xc16/v1.30/bin/bin/../../lib\liblega-pic30-elf.a
LOAD c:/program files (x86)/microchip/xc16/v1.30/bin/bin/../../lib\libm-elf.a
LOAD c:/program files (x86)/microchip/xc16/v1.30/bin/bin/../../lib\liblega-c-elf.a
END GROUP
OUTPUT(dist/default/debug/fresh_project_build.X.debug.elf elf32-pic30)
LOAD default_isr
LOAD data_init

.debug_pubtypes
                  0x0000d8        0x482
 .debug_pubtypes
                  0x0000d8        0x113 build/default/debug/mcc_generated_files/uart1.o
 .debug_pubtypes
                  0x0001eb         0x4e build/default/debug/mcc_generated_files/traps.o
 .debug_pubtypes
                  0x000239         0x1e build/default/debug/mcc_generated_files/mcc.o
 .debug_pubtypes
                  0x000257         0x6b build/default/debug/mcc_generated_files/interrupt_manager.o
 .debug_pubtypes
                  0x0002c2         0x12 build/default/debug/mcc_generated_files/pin_manager.o
 .debug_pubtypes
                  0x0002d4         0x87 build/default/debug/mcc_generated_files/tmr3.o
 .debug_pubtypes
                  0x00035b         0x6c build/default/debug/mcc_generated_files/oc1.o
 .debug_pubtypes
                  0x0003c7         0xe5 build/default/debug/main.o
 .debug_pubtypes
                  0x0004ac         0xae build/default/debug/mcc_generated_files/adc1.o

__c30_signature
                  0x00055a         0x90
 __c30_signature
                  0x00055a          0x6 build/default/debug/mcc_generated_files/uart1.o
 __c30_signature
                  0x000560          0x6 build/default/debug/mcc_generated_files/traps.o
 __c30_signature
                  0x000566          0x6 build/default/debug/mcc_generated_files/mcc.o
 __c30_signature
                  0x00056c          0x6 build/default/debug/mcc_generated_files/interrupt_manager.o
 __c30_signature
                  0x000572          0x6 build/default/debug/mcc_generated_files/pin_manager.o
 __c30_signature
                  0x000578          0x6 build/default/debug/mcc_generated_files/tmr3.o
 __c30_signature
                  0x00057e          0x6 build/default/debug/mcc_generated_files/oc1.o
 __c30_signature
                  0x000584          0x6 build/default/debug/main.o
 __c30_signature
                  0x00058a          0x6 build/default/debug/mcc_generated_files/adc1.o
 __c30_signature
                  0x000590          0x6 c:/program files (x86)/microchip/xc16/v1.30/bin/bin/../../lib\liblega-pic30-elf.a(crt0_standard.o)
 __c30_signature
                  0x000596          0x6 c:/program files (x86)/microchip/xc16/v1.30/bin/bin/../../lib\liblega-pic30-elf.a(data_init_standard.o)
 __c30_signature
                  0x00059c          0x6 c:/program files (x86)/microchip/xc16/v1.30/bin/bin/../../lib\liblega-pic30-elf.a(delay32.Leo)
 __c30_signature
                  0x0005a2          0x6 c:/program files (x86)/microchip/xc16/v1.30/bin/bin/../../lib\libm-elf.a(addsf3.eo)
 __c30_signature
                  0x0005a8          0x6 c:/program files (x86)/microchip/xc16/v1.30/bin/bin/../../lib\libm-elf.a(divsf3.eo)
 __c30_signature
                  0x0005ae          0x6 c:/program files (x86)/microchip/xc16/v1.30/bin/bin/../../lib\libm-elf.a(feqltle.eo)
 __c30_signature
                  0x0005b4          0x6 c:/program files (x86)/microchip/xc16/v1.30/bin/bin/../../lib\libm-elf.a(fgtge.eo)
 __c30_signature
                  0x0005ba          0x6 c:/program files (x86)/microchip/xc16/v1.30/bin/bin/../../lib\libm-elf.a(floatunsisf.eo)
 __c30_signature
                  0x0005c0          0x6 c:/program files (x86)/microchip/xc16/v1.30/bin/bin/../../lib\libm-elf.a(fpack.eo)
 __c30_signature
                  0x0005c6          0x6 c:/program files (x86)/microchip/xc16/v1.30/bin/bin/../../lib\libm-elf.a(funpack2.eo)
 __c30_signature
                  0x0005cc          0x6 c:/program files (x86)/microchip/xc16/v1.30/bin/bin/../../lib\libm-elf.a(futil.eo)
 __c30_signature
                  0x0005d2          0x6 c:/program files (x86)/microchip/xc16/v1.30/bin/bin/../../lib\libm-elf.a(mulsf3.eo)
 __c30_signature
                  0x0005d8          0x6 c:/program files (x86)/microchip/xc16/v1.30/bin/bin/../../lib\libm-elf.a(fcompare.eo)
 __c30_signature
                  0x0005de          0x6 c:/program files (x86)/microchip/xc16/v1.30/bin/bin/../../lib\libm-elf.a(floatundisf.eo)
 __c30_signature
                  0x0005e4          0x6 c:/program files (x86)/microchip/xc16/v1.30/bin/bin/../../lib\libm-elf.a(funpack.eo)

.nbss               0x0850          0x2
 .nbss              0x0850          0x2 build/default/debug/mcc_generated_files/uart1.o
                    0x0850                  _flag

.ndata              0x0852          0x2
 .ndata             0x0852          0x2 build/default/debug/mcc_generated_files/traps.o

.nbss               0x0854          0x4
 .nbss              0x0854          0x2 build/default/debug/mcc_generated_files/oc1.o
 .nbss              0x0856          0x2 build/default/debug/mcc_generated_files/adc1.o

.bss                0x0858         0x38
 .bss               0x0858         0x20 build/default/debug/mcc_generated_files/traps.o
 .bss               0x0878         0x16 build/default/debug/mcc_generated_files/uart1.o
 .bss               0x088e          0x2 build/default/debug/mcc_generated_files/tmr3.o

.ivt._U1TXInterrupt
                  0x00002c          0x2
 .ivt._U1TXInterrupt
                  0x00002c          0x2 build/default/debug/mcc_generated_files/uart1.o

.ivt._U1RXInterrupt
                  0x00002a          0x2
 .ivt._U1RXInterrupt
                  0x00002a          0x2 build/default/debug/mcc_generated_files/uart1.o

.ivt._U1ErrInterrupt
                  0x000096          0x2
 .ivt._U1ErrInterrupt
                  0x000096          0x2 build/default/debug/mcc_generated_files/uart1.o

.ivt._OscillatorFail
                  0x000006          0x2
 .ivt._OscillatorFail
                  0x000006          0x2 build/default/debug/mcc_generated_files/traps.o

.ivt._StackError
                  0x00000a          0x2
 .ivt._StackError
                  0x00000a          0x2 build/default/debug/mcc_generated_files/traps.o

.ivt._AddressError
                  0x000008          0x2
 .ivt._AddressError
                  0x000008          0x2 build/default/debug/mcc_generated_files/traps.o

.ivt._MathError
                  0x00000c          0x2
 .ivt._MathError
                  0x00000c          0x2 build/default/debug/mcc_generated_files/traps.o

.config_JTAGEN    0x0157fe          0x2
 .config_JTAGEN
                  0x0157fe          0x2 build/default/debug/mcc_generated_files/mcc.o

.config_IESO      0x0157fc          0x2
 .config_IESO     0x0157fc          0x2 build/default/debug/mcc_generated_files/mcc.o

.text             0x0005bc        0xb46
 .text            0x0005bc        0x504 build/default/debug/main.o
                  0x0005bc                  _main
                  0x0008ca                  _distance_to_pressure
                  0x000938                  _get_sample
                  0x000992                  _pressure_to_voltage
                  0x0009c2                  _adc_testing
                  0x000a00                  _UART_testing
                  0x000a84                  _pwm_testing
                  0x000a8a                  _limit_testing
 .text            0x000ac0        0x2d8 build/default/debug/mcc_generated_files/uart1.o
                  0x000ac0                  _UART1_Initialize
                  0x000b00                  __U1TXInterrupt
                  0x000b56                  __U1RXInterrupt
                  0x000ba0                  __U1ErrInterrupt
                  0x000bb6                  _UART1_Read
                  0x000bec                  _UART1_ReadBuffer
                  0x000c20                  _UART1_Write
                  0x000c56                  _UART1_WriteBuffer
                  0x000c88                  _UART1_TransferStatusGet
                  0x000cc4                  _UART1_Peek
                  0x000cec                  _UART1_ReceiveBufferSizeGet
                  0x000d1a                  _UART1_TransmitBufferSizeGet
                  0x000d4a                  _UART1_ReceiveBufferIsEmpty
                  0x000d62                  _UART1_TransmitBufferIsFull
                  0x000d7a                  _UART1_StatusGet
                  0x000d82                  _UART1_ReceiveBufferIsFull
 .text            0x000d98        0x174 build/default/debug/mcc_generated_files/oc1.o
                  0x000d98                  _OC1_Initialize
                  0x000dbc                  _OC1_Tasks
                  0x000dcc                  _OC1_Start
                  0x000de6                  _OC1_Stop
                  0x000df4                  _OC1_SingleCompareValueSet
                  0x000e00                  _OC1_DualCompareValueSet
                  0x000e12                  _OC1_CentreAlignedPWMConfig
                  0x000e24                  _OC1_EdgeAlignedPWMConfig
                  0x000e36                  _OC1_SecondaryValueSet
                  0x000e42                  _OC1_PrimaryValueSet
                  0x000e4e                  _OC1_IsCompareCycleComplete
                  0x000e66                  _OC1_FaultStatusGet
                  0x000e8c                  _OC1_0
                  0x000e9a                  _OC1_90
                  0x000ea8                  _OC1_180
                  0x000eb6                  _OC1_Neutral
                  0x000ec6                  _OC1_Load
                  0x000ed6                  _OC1_MaxRight
                  0x000ee6                  _OC1_MaxLeft
                  0x000ef6                  _OC1_Position
 .text            0x000f0c         0xb2 build/default/debug/mcc_generated_files/tmr3.o
                  0x000f0c                  _TMR3_Initialize
                  0x000f22                  _TMR3_Tasks_16BitOperation
                  0x000f44                  _TMR3_Period16BitSet
                  0x000f56                  _TMR3_Period16BitGet
                  0x000f5e                  _TMR3_Counter16BitSet
                  0x000f70                  _TMR3_Counter16BitGet
                  0x000f78                  _TMR3_Start
                  0x000f86                  _TMR3_Stop
                  0x000f8e                  _TMR3_GetElapsedThenClear
                  0x000fa6                  _TMR3_SoftwareCounterGet
                  0x000fb2                  _TMR3_SoftwareCounterClear
 .text            0x000fbe         0x9a build/default/debug/mcc_generated_files/adc1.o
                  0x000fbe                  _ADC1_Initialize
                  0x000fe2                  _ADC1_Start
                  0x000fea                  _ADC1_Stop
                  0x000ff2                  _ADC1_ConversionResultBufferGet
                  0x001024                  _ADC1_ConversionResultGet
                  0x00102c                  _ADC1_IsConversionComplete
                  0x001044                  _ADC1_ChannelSelect
                  0x001050                  _ADC1_Tasks
 .text            0x001058         0x40 build/default/debug/mcc_generated_files/pin_manager.o
                  0x001058                  _PIN_MANAGER_Initialize
 .text            0x001098         0x3a build/default/debug/mcc_generated_files/traps.o
                  0x001098                  _TRAPS_halt_on_error
                  0x0010b0                  __OscillatorFail
                  0x0010b8                  __StackError
                  0x0010c2                  __AddressError
                  0x0010ca                  __MathError
 .text            0x0010d2         0x30 build/default/debug/mcc_generated_files/mcc.o
                  0x0010d2                  _SYSTEM_Initialize
                  0x0010e6                  _OSCILLATOR_Initialize

.dinit            0x001102         0x2e
 .dinit           0x001102         0x2e data_init

.text             0x001130         0x24
 .text            0x001130         0x24 build/default/debug/mcc_generated_files/interrupt_manager.o
                  0x001130                  _INTERRUPT_Initialize

.init.delay32     0x001154         0x1c
 .init.delay32    0x001154         0x1c c:/program files (x86)/microchip/xc16/v1.30/bin/bin/../../lib\liblega-pic30-elf.a(delay32.Leo)
                  0x001154                  ___delay32
